"blank"            "==========================" 
"blank"            "Movement Commands" 
"blank"            "==========================" 
"+forward"         "Move forward (double-tap to dash)" 
"+back"            "Move back" 
"+left"            "Turn left" 
"+right"         "Turn right" 
"+moveleft"         "Move left (strafe)" 
"+moveright"         "Move right (strafe)" 
"+jump"            "Jump" 
"+duck"            "Duck" 
"+lookup"         "Look up" 
"+lookdown"         "Look down" 
"+shift"         "Dodge/Run"
"centerview"         "Look straight ahead" 
"blank"            "==========================" 
"blank"            "Combat Commands" 
"blank"            "==========================" 
"+attack"         "Primary hand action" 
"+attack2"         "Secondary hand action" 
"quickslot weapon"      "Select Weapon" 
"quickslot spell"      "Select Spell" 
"quickslot arrow"      "Select Ammunition"
"inventory"         "Open Inventory" 
"+quickslot 1"         "Quickslot 1 (hold to define)" 
"+quickslot 2"         "Quickslot 2" 
"+quickslot 3"         "Quickslot 3" 
"+quickslot 4"         "Quickslot 4" 
"+quickslot 5"         "Quickslot 5" 
"+quickslot 6"         "Quickslot 6" 
"+quickslot 7"         "Quickslot 7" 
"+quickslot 8"         "Quickslot 8" 
"+quickslot 9"         "Quickslot 9" 
"+quickslot 10"         "Quickslot 10" 
"+quickslot 11"         "Quickslot 11" 
"+quickslot 12"         "Quickslot 12" 
"blank"            "==========================" 
"blank"            "Master Sword Commands" 
"blank"            "==========================" 
"use"            "Sheath/store/wear weapon/item" 
"menu interact"         "Interact with NPC" 
"drop"            "Drop currently selected item" 
"act"            "Bring up the action menu" 
"accept"         "Accept" 
"kill"            "Kill yourself in 15secs" 
"playerinfo"         "Display character stats" 
"get"            "Pick up item" 
"+use"            "Use world item" 
"menu main"         "Bring up main menu" 
"switchhand"       "Switch Hands"
"listpoints"       "Show Player Damage Points"
"listresist"       "List Elemental Resistances"
"blank"            "==========================" 
"blank"            "Included Alias Scripts" 
"blank"            "==========================" 
"+getuse"          "Get + Use"
"+shift_slots1"    "Shift Quickslots +12"
"+shift_slots2"    "Shift Quickslots +24"
"blank"            "==========================" 
"blank"            "Communication Commands" 
"blank"            "==========================" 
"say_text 0"         "Global chat message" 
"say_text 1"         "Talk to NPC" 
"say_text 2"         "Party chat message" 
"+voicerecord"         "Microphone Chat" 
"blank"            "==========================" 
"blank"            "Other Commands" 
"blank"            "==========================" 
"choosebloom"	"Toggle Bloom Levels"
"thirdperson"         "Toggle third person camera" 
"hud_scroll select"      "Select HUD Window" 
"hud_scroll up"         "Scroll up current HUD" 
"hud_scroll down"      "Scroll down current HUD" 
"impulse 201"         "Spray logo" 
"+showscores"         "Display player list" 
"snapshot"         "Take screen shot" 
"pause"            "Pause game" 
"quit"            "Quit game" 