// IDS_LANGUAGE                    1
// IDS_BORDERLESS_REGFAIL          2
// IDS_CHAT_IGNORE_MISLINKED       3
// IDS_CHAT_IGNORE_UNLINKED        4
// IDS_CREATE_MAPSCHANGED          5
// IDS_CREATE_LIBLISTBAD           6
// IDS_SOCKET_CONNECTIONFAILURE    7
// IDS_PLAYERINFO_NOMEM            8
// IDS_CHAT_NOCONNECTION           9
// IDS_CHAT_NOSTREAM               10
// IDS_CHAT_NOSELECT               11
// IDS_CONTROLS_DELETE_LINKED      12
// IDS_CONTROLS_KBLIST_EMPTY       13
// IDS_CONTROLS_KBLIST_PARSEERROR  14
// IDS_CONTROLS_KBKEYS_EMPTY       15
// IDS_CONTROLS_KBKEYS_PARSEERROR  16
// IDS_CONTROLS_KBKEYS_OVERFLOW    17
// IDS_PROFILE_COLOR               18
// IDS_MAIN_NOCAPS                 19
// IDS_MAIN_INSUFFICIENTCAPS       20
// IDS_MAIN_REGWNDCLSFAIL          21
// IDS_MAIN_INSUFFICIENTSOCKETS    22
// IDS_MAIN_MEMMAPFAILURE          23
// IDS_PROFILE_NOMEM               24
// IDS_BTN_STRANGESIZE             25
// IDS_MAIN_NOUSERMSGS             26
// IDS_MAIN_NOFILEMAPPING          27
// IDS_MAIN_NOMEMMAPCONNECT        28
// IDS_MSG_OVERFLOW                29
// IDS_MSG_REQTOOBIG               30
// IDS_MULTI_NOROOMSTATIC          31
// IDS_MULTI_NOROOMTAB             32
// IDS_MULTI_NOCHATWINDOW          33
// IDS_MULTI_NOCHATINPUT           34
// IDS_MULTI_NOUSERLIST            35
// IDS_MULTI_NOSERVERLIST          36
// IDS_MULTI_NOSELECTION           37
// IDS_MULTI_NOARCHIVE             38
// IDS_CHAT_USER_NOMEM             39
// IDS_MULTI_SERVER_NOMEM          40
// IDS_MULTI_MASTER_BADLISTFILE    41
// IDS_MULTI_NODIALOG              42
// IDS_PROFILE_REQUIRED            43
// IDS_ODCOMBO_REGFAIL             44
// IDS_ODEDIT_REGFAIL              45
// IDS_ODLIST_REGFAIL              46
// IDS_ODSCROLL_REGFAIL            47
// IDS_ODSLIDER_REGFAIL            48
// IDS_ODTAB_REGFAIL               49
// IDS_PROFILE_NICKREMOVEFAIL      50
// IDS_PROFILE_NOPROFILE           51
// IDS_QUICK_NOSERVERS             52
// IDS_QUICK_NOACTIVE              53
// IDS_README_NOMEM                54
// IDS_ROOM_BADNAME                55
// IDS_SINGLE_NOSELECTION          56
// IDS_SINGLE_CANTSAVE             57
// IDS_ODLISTBOX_REGFAIL           58
// IDS_DIB_OPENFAIL                59
// IDS_MCI_OPENFAIL                60
// IDS_MCI_GETIDFAIL               61
// IDS_MCI_WINDOWFAIL              62
// IDS_MCI_PUTFAIL                 63
// IDS_MCI_SEEKFAIL                64
// IDS_MCI_BREAKFAIL               65
// IDS_MCI_PLAYFAIL                66
// IDS_MCI_STOPFAIL                67
// IDS_MCI_CLOSEFAIL               68
// IDS_CONTROLS_RESTOREFAIL        69
// IDS_SND_BADNAME                 70
// IDS_PROFILE_ALLOCFAIL           71
// IDS_AUDIO_NOPROFILE             72
// IDS_VIDEO_NOPROFILE             73
// IDS_CONTROLS_KEYHELP            74
// IDS_ENDDEMO_URL                 75
// IDS_ORDER_URL                   76
// IDS_LOADSAVE_HINT               77
// IDS_LAUNCHER_BUTTONSIZE         78
// IDS_MEM_INSUFFICIENT            79
// IDS_MEM_ALLOCFAIL               80
// IDS_EVENT_CREATEFAIL            81
// IDS_OSVER_FAIL                  82
// IDS_OSVER_OUTDATED              83
// IDS_OSVER_NTSP3                 84
// IDS_OSVER_16BIT                 85
// IDS_BINDING_ACTIONHEADING       86
// IDS_BINDING_PRIMARYHEADING      87
// IDS_BINDING_ALTERNATEHEADING    88
// IDS_BINDING_PROMPT              89
// IDS_URL_BROWSERFAIL             90
// IDS_SAVELOAD_TIMECOL            91
// IDS_SAVELOAD_GAMECOL            92
// IDS_SAVELOAD_ELAPSEDCOL         93
// IDS_SERVER_GAMESERVER           94
// IDS_SERVER_SPEED                95
// IDS_SERVER_MAP                  96
// IDS_SERVER_PLAYERS              97
// IDS_SERVER_MAX                  98
// IDS_SERVER_GAME                 99
// IDS_SERVER_NETWORK              100
// IDS_QUERY_STARTING              101
// IDS_QUERY_COMPLETED             102
// IDS_SERVER_REMOVE               103
// IDS_SERVER_CONNECT              104
// IDS_SERVER_LANTAG               105
// IDS_SERVER_INTERNETTAG          106
// IDS_SERVER_MENU_CONNECT         107
// IDS_SERVER_MENU_PLAYERINFO      108
// IDS_SERVER_MENU_RULEINFO        109
// IDS_SERVER_MENU_FILTER          110
// IDS_SERVER_MENU_ADDTOFAVORITE   111
// IDS_SERVER_MENU_REMOVEFROMFAV   112
// IDS_SERVER_MENU_REMOVE          113
// IDS_SERVER_MENU_NOPLAYERINFO    114
// IDS_SERVER_MENU_NOLANPLAYERINFO 115
// IDS_SAVELOAD_QUICKLISTTEXT      116
// IDS_SAVELOAD_AUTOLISTITEM       117
// IDS_PLAYERINFO_NUMBER           118
// IDS_PLAYERINFO_NAME             119
// IDS_PLAYERINFO_KILLS            120
// IDS_PLAYERINFO_TIME             121
// IDS_PLAYERINFO_SUIT             122
// IDS_QUICK_REQUEST               123
// IDS_QUICK_GOTLIST               124
// IDS_QUICK_CONTACTING            125
// IDS_QUICK_COMPLETEDSERVER       126
// IDS_SAVE_NEWCOMMENT             127
// IDS_SAVE_NEWTIME                128
// IDS_SAVE_NEWFILETIME            129
// IDS_DDRAW_FAILEINIT             130
// IDS_DDRAW_DX4FAIL               131
// IDS_VIDEO_MODECOL               132
// IDS_ROOM_NAMECOL                133
// IDS_ROOM_PEOPLECOL              134
// IDS_ROOM_SERVERSCOL             135
// IDS_DDRAW_REQUIRED              136
// IDS_DLL_LOADFAIL                137
// IDS_CMDLINE_VTOPTS              138
// IDS_SAVE_NUMCHANGED             139
// IDS_BINDINGS_ALLOCFAIL          140
// IDS_GAMMA_LOADFAIL              141
// IDS_DDRAW_RESTOREMODEFAIL       142
// IDS_AUDIO_VOLUME                143
// IDS_AUDIO_SUITVOL               144
// IDS_AUDIO_USECD                 145
// IDS_AUDIO_HIGHQUALITY           146
// IDS_CFG_VIDHELP                 147
// IDS_CFG_AUDIOHELP               148
// IDS_CFG_CONTROLHELP             149
// IDS_CFG_RETURNTOMAIN            150
// IDS_CREATEROOM_TITLE            151
// IDS_CREATEROOM_ROOMNAME         152
// IDS_CREATEROOM_ROOMTOPIC        153
// IDS_CREATESERVER_NAME           154
// IDS_CREATESERVER_MAP            155
// IDS_CREATESERVER_ROOM           156
// IDS_CREATESERVER_GAMETYPE       157
// IDS_CREATESERVER_MAXPLAYERS     158
// IDS_FILTER_TITLE                159
// IDS_FILTER_HEADING              160
// IDS_FILTER_RESPONDING           161
// IDS_FILTER_RESPONSETIME         162
// IDS_FILTER_NOTFULL              163
// IDS_FILTER_NOTEMPTY             164
// IDS_FILTER_ONFAVORITES          165
// IDS_FILTER_INCHATROOM           166
// IDS_FINDPLAYER_TITLE            167
// IDS_FINDPLAYER_PLAYER           168
// IDS_FINDPLAYER_SERVER           169
// IDS_OPTS_CROSSHAIR              170
// IDS_OPTS_REVERSE                171
// IDS_OPTS_MLOOK                  172
// IDS_OPTS_LOOKSPRING             173
// IDS_OPTS_LOOKSTRAFE             174
// IDS_OPTS_MFILTER                175
// IDS_OPTS_JOYSTICK               176
// IDS_OPTS_CROSSHAIRHELP          177
// IDS_OPTS_REVERSEHELP            178
// IDS_OPTS_MLOOKHELP              179
// IDS_OPTS_LOOKSPRINGHELP         180
// IDS_OPTS_LOOKSTRAFEHELP         181
// IDS_OPTS_MFILTERHELP            182
// IDS_OPTS_JOYSTICKHELP           183
// IDS_OPTS_SENSITIVITYHELP        184
// IDS_LOADSAVE_LOADHELP           185
// IDS_LOADSAVE_SAVEHELP           186
// IDS_LOADSAVE_RETURN             187
// IDS_MAIN_RETURNHELP             188
// IDS_MAIN_NEWGAMEHELP            189
// IDS_MAIN_TRAININGHELP           190
// IDS_MAIN_LOADHELP               191
// IDS_MAIN_LOADSAVEHELP           192
// IDS_MAIN_CONFIGUREHELP          193
// IDS_MAIN_READMEHELP             194
// IDS_MAIN_ORDERHELP              195
// IDS_MAIN_QUITHELP               196
// IDS_MAIN_QUICKHELP              197
// IDS_MAIN_MULTIPLAYERHELP        198
// IDS_CHAT_PROMPT                 199
// IDS_NEWGAME_EASYHELP            200
// IDS_NEWGAME_MEDIUMHELP          201
// IDS_NEWGAME_DIFFICULTHELP       202
// IDS_NEWGAME_RETURNHELP          203
// IDS_NEWPROFILE_TITLE            204
// IDS_NEWPROFILE_NAME             205
// IDS_NEWPROFILE_PASSWORD         206
// IDS_NEWPROFILE_REMEMBER         207
// IDS_PROFILE_MODEL               208
// IDS_PROFILE_NICKNAME            209
// IDS_PROFILE_SELECT              210
// IDS_PROFILE_PROCEEDHELP         211
// IDS_PROFILE_RETURNHELP          212
// IDS_VIDEO_SCREENSIZE            213
// IDS_VIDEO_GAMMA                 214
// IDS_VIDEO_GLARE                 215
// IDS_VIDEO_GAMMAHELP             216
// IDS_VIDEO_GLAREHELP             217
// IDS_VIDMODE_WINDOWED            218
// IDS_VIDMODE_MOUSE               219
// IDS_VIDMODE_GLLISTHEADER        220
// IDS_VIDMODE_D3DHEADER           221
// IDS_VIDSELECT_OPTIONSHELP       222
// IDS_VIDSELECT_MODESHELP         223
// IDS_VIDSELECT_RETURNHELP        224
// IDS_SERVERS_REFRESH             225
// IDS_PROGRESS_START              226
// IDS_QUICK_CONTACT               227
// IDS_QUICK_REQUESTLIST           228
// IDS_README_NOFILE               229
// IDS_STATUS_CONNECTING           230
// IDS_STATUS_CONNECTIONESTABLISHED 231
// IDS_STATUS_SKIPSERVER           232
// IDS_STATUS_ELPASEDTIME          233
// IDS_TRAINING_EXITCURRENT        234
// IDS_MAIN_QUITPROMPTINGAME       235
// IDS_MAIN_QUITPROMPT             236
// IDS_CONTROLS_CANCELPROMPT       237
// IDS_LOAD_LOADPROMPT             238
// IDS_LOADSAVE_DELETEPROMPT       239
// IDS_NEWGAME_NEWPROMPT           240
// IDS_NICKNAME_ADD                241
// IDS_PROFILE_CANCELPROMPT        242
// IDS_SAVE_INGAMEPROMPT           243
// IDS_SAVE_OVERWRITE              244
// IDS_VIDEO_BADSETTINGS           245
// IDS_AUDIO_A3D                   246
// IDS_BTN_DONE                    247
// IDS_BTN_CONTROLS                248
// IDS_BTN_AUDIO                   249
// IDS_BTN_VIDEO                   250
// IDS_BTN_CANCEL                  251
// IDS_BTN_CREATE                  252
// IDS_BTN_FILTER                  253
// IDS_BTN_FIND                    254
// IDS_BTN_RETURN                  255
// IDS_BTN_NEWGAME                 256
// IDS_BTN_TRAINING                257
// IDS_BTN_CONFIGURE               258
// IDS_BTN_LOADSAVE                259
// IDS_BTN_LOAD                    260
// IDS_BTN_MULTIPLAYER             261
// IDS_BTN_README                  262
// IDS_BTN_ORDER                   263
// IDS_BTN_QUIT                    264
// IDS_BTN_ADVANCED                265
// IDS_BTN_REVERT                  266
// IDS_BTN_RESTORE                 267
// IDS_BTN_DELETE                  268
// IDS_BTN_SAVE                    269
// IDS_BTN_LOGIN                   270
// IDS_BTN_CONNECT                 271
// IDS_BTN_CREATESV                272
// IDS_BTN_REFRESH                 273
// IDS_BTN_ROOM                    274
// IDS_BTN_EASY                    275
// IDS_BTN_MEDIUM                  276
// IDS_BTN_HARD                    277
// IDS_BTN_YES                     278
// IDS_BTN_NO                      279
// IDS_BTN_OK                      280
// IDS_BTN_OPTIONS                 281
// IDS_BTN_MODES                   282
// IDS_BTN_QUICK                   283
// IDS_PROFILE_LOGO                284
// IDS_BTN_BROWSE                  285
// IDS_MULTI_BROWSEHELP            286
// IDS_BTN_CHAT                    287
// IDS_MULTI_CHATHELP              288
// IDS_BTN_LAN                     289
// IDS_MULTI_LANHELP               290
// IDS_BTN_CUSTOMIZE               291
// IDS_MULTI_CUSTOMIZEHELP         292
// IDS_CREATEROOM_ROOMPASSWORD     293
// IDS_PLAYERINFO_RULENAME         294
// IDS_PLAYERINFO_RULEVALUE        295
// IDS_BTN_SEARCH                  296
// IDS_BTN_CHATMODE                297
// IDS_BTN_LISTMODE                298
// IDS_BTN_EXIT                    299
// IDS_SERVER_MANUALADD            300
// IDS_SERVER_REQUESTNEWLIST       301
// IDS_PLAYERINFO_SERVERNAME       302
// IDS_PLAYERINFO_SERVERIP         303
// IDS_PLAYERINFO_SERVERPING       304
// IDS_PROFILE_FACE                305
// IDS_PROFILE_SKIN                306
// IDS_BTN_JOIN                    307
// IDS_BTN_FINDGAME                308
// IDS_BTN_START                   309
// IDS_PROFILE_LOGOCOLOR           311
// IDS_MULTI_RESUMEHELP            312
// IDS_MULTI_DISCONNECTHELP        313
// IDS_BTN_RESUME                  314
// IDS_BTN_DISCONNECT              315
// IDS_BTN_ADDSERVER               316
// IDS_BTN_UPDATE                  317
// IDS_BTN_INFO                    318
// IDS_QUICKSTART_TITLE            319
// IDS_BTN_LISTROOMS               320
// IDS_BTN_GORE                    321
// IDS_BTN_AUTOPATCH               322
// IDS_CONFIGURE_GOREHELP          323
// IDS_CONFIGURE_AUTOPATCHHELP     324
// IDS_CHAT_NOSERVERS              325
// IDS_CHAT_NOPROFILE              326
// IDS_INIT_DX6REQUIRED            327
// IDS_WON_VALIDATIONFAIL          328
// IDS_WON_VALIDATIONFAIL2         329
// IDS_WON_AUTHOUTOFORDER          330
// IDS_WON_AUTHPROBLEM             331
// IDS_WON_ENCRYPTBAD              332
// IDS_WON_BADPUBLICKEY            333
// IDS_WON_AUTHNOMEM               334
// IDS_CD_NEEDCDKEY                335
// IDS_CD_BADKEY                   336
// IDS_CD_BADKEYTYPED              337
// IDS_MD5_HASHFAIL                338
// IDS_MAIN_REGISTERMSGFAIL        339
// IDS_CDCHECK_PROMPT              340
// IDS_SETTINGS_SERVERTYPEINVALID  341
// IDS_TOKEN_EXPECTLEFTBRACE       342
// IDS_TOKEN_EXPECTRIGHTBRACE      343
// IDS_MULTI_ADDIPUNRESOLVABLE     344
// IDS_CHATCTRL_NOMEM              345
// IDS_CHATCTRL_NOTEXTMEM          346
// IDS_CHATCTRL_WINREGFAIL         347
// IDS_PROFILE_DEFAULTMISSING      348
// IDS_QUICK_NOMASTER              349
// IDS_QUICK_USINGPREVIOUSLIST     350
// IDS_CHAT_NOROOMLIST             351
// IDS_SAVELOAD_NUMBEROFGAMESCHANGED 352
// IDS_MAIN_EXITMULTIPLAYERPROMPT  353
// IDS_CD_ENTERPROMPT              354
// IDS_MULTISELECT_EXITGAMEPROMPT  355
// IDS_MULTI_ADDSERVERPROMPT       356
// IDS_ROOM_NEEDPASS               357
// IDS_SAVE_CANTSAVE               358
// IDS_SAVE_OVERWRITEPROMPT        359
// IDS_SAVE_DELETEPROMPT           360
// IDS_AUTH_INUSE                  361
// IDS_AUTH_BADACCOUNT             362
// IDS_AUTH_BADREQ                 363
// IDS_AUTH_BADCERTIFICATE         364
// IDS_AUTH_BADEXE                 365
// IDS_AUTH_BADCERTIFICATE2        366
// IDS_AUTH_BADLOOKUP              367
// IDS_AUTH_BADBITS                368
// IDS_AUTH_CORRUPT                369
// IDS_AUTH_INVALIDACCOUNT         370
// IDS_CHAT_STATUSUNCONNECTED      371
// IDS_CHAT_WONCONNECT             372
// IDS_CHAT_USERENTER              373
// IDS_CHAT_USERLEFT               374
// IDS_ENG_STARTING                375
// IDS_SERVERS_SEARCHING           376
// IDS_SERVERS_LISTREC             377
// IDS_SERVERS_CONNECTING          378
// IDS_SERVERS_REQUESTINFO         379
// IDS_ROOM_CREATENOTICE           380
// IDS_ROOM_CREATEPROMPTTITLE      381
// IDS_SAVE_TIMEHEADING            382
// IDS_SAVE_GAMEHEADING            383
// IDS_SAVE_ELAPSEDHEADING         384
// IDS_SAVE_NEWCAPTION             385
// IDS_SAVE_NEWGAMETXT             386
// IDS_SAVE_FILETIME               387
// IDS_STATUS_CONNECTINGNOTIME     388
// IDS_MULTI_CHATROOMCAPTION       389
// IDS_GORE_CHECKBOX               390
// IDS_GORE_HELP                   391
// IDS_GORE_PWPROMPT1              392
// IDS_GORE_PWPROMPT2              393
// IDS_GORE_PWMISMATCHED           394
// IDS_GORE_BADPW                  395
// IDS_BTN_ADVANCEDSVR             396
// IDS_OPTS_AUTOAIM                397
// IDS_OPTS_AUTOAIMHELP            398
// IDS_BTN_PREVIEWS                399
// IDS_MAIN_PREVIEWSHELP           400
// IDS_SECONDS_LEFT                401
// IDS_MEDIA_PREVIEWURL            402
// IDS_ADVANCEDSVR_PAGE            403
// IDS_EMPTY                       404
// IDS_MULTI_TYPE                  405
// IDS_MULTI_LAN                   406
// IDS_MULTI_ISDN                  407
// IDS_MODEM56K                    408
// IDS_MODEM28K                    409
// IDS_OPTS_HIMODELS               410
// IDS_OPTS_HIMODELSHELP           411
// IDS_CHAT_SOCKETERROR            412
// IDS_CHAT_RECONNECTFAIL          413
// IDS_CHAT_RECONNECTSUCCESS       414
// IDS_CHAT_JOINFAILED             415
// IDS_BTN_WON                     416
// IDS_WON_URL                     417
// IDS_AUDIO_CDHINT                418
// IDS_PREVIOUS                    419
// IDS_NEXT                        420
// IDS_MODEM33K                    421
// IDS_MODEM14K                    422
// IDS_ROOM_PERMANENT              423
// IDS_ROOM_USER                   424
// IDS_MULTI_DONEHELP              425
// IDS_MULTI_WONHELP               426
// IDS_AUDIO_EAX                   427
// IDS_GL_NOMODE                   428
// IDS_D3D_NOMODE                  429
// IDS_VID_NOMODE                  430
// IDS_VID_RESELECT                431
// IDS_VID_INITFAIL                432
// IDS_NET_WONCONNFAIL             433
// IDS_NET_CORRUPT                 434
// IDS_CDKEY_BAD                   435
// IDS_MULTI_REFRESH               436
// IDS_CHAT_NOROOM                 437
// IDS_RUN_PATCH                   438
// IDS_WON_AUTHFAILURE             439
// IDS_WON_LOGIN                   440
// IDS_LOGO_SIZEMISMATCH           441
// IDS_LOGO_OVERSIZED              442
// IDS_LOGO_POWEROF2               443
// IDS_MODEM_CUSTOM                444
// IDS_MODEM_RATE                  445
// IDS_REGISTRY_UPDATE             446
// IDS_CHAT_JOIN                   447
// IDS_CHAT_FLOOD                  448
// IDS_CHAT_SEARCH                 449
// IDS_CHAT_NOINFO                 450
// IDS_CHAT_NOFIND                 451
// IDS_CHAT_FIND                   452
// IDS_CHAT_NOAUTH                 453
// IDS_CHAT_NODIR                  454
// IDS_CHAT_NOSUCHROOM             455
// IDS_CHAT_ROOMFULL               456
// IDS_CREATESV_NOADVANCED         457
// IDS_WON_CDINUSE                 459
// IDS_CHAT_JOINHINT               460
// IDS_WON_BANNED                  461
// IDS_CONTENT_NOMULTIPLAYER       462
// IDS_PATCH_ERROR                 463
// IDS_PATCH_NOUTIL                464
// IDS_PATCH_FAIL                  465
// IDS_PATCH_BADINSTALL            466
// IDS_CONNECT_FAILURE             467
// IDS_MULTI_NEEDPASSWORD          468
// IDS_VID_HINT                    469
// IDS_MULTI_LOGODISCONNECT        470
// IDS_3D_WARNING                  471
// IDS_3DSITE_URL                  472
// IDS_WON_MODIFIED                473
// IDS_ADVANCEDMP_OFFSETS          474
// IDS_AUDIO_OFFSET                475
// IDS_CONFIGURE_OFFSET            476
// IDS_CREATEROOM_OFFSET           477
// IDS_CREATESERVER_OFFSET         478
// IDS_GAMEOPTIONS_OFFSET          479
// IDS_HLMAIN_OFFSET               480
// IDS_KEYBOARD_OFFSET             481
// IDS_LAN_OFFSET                  482
// IDS_LOAD_OFFSET                 483
// IDS_NETGAMEDLG_OFFSET           484
// IDS_NEWGAMEDLG_OFFSET           485
// IDS_PLAYERINFODLG_OFFSET        486
// IDS_PLAYERPROFILEDLG_OFFSET     487
// IDS_PROMPT_OFFSET               488
// IDS_ROOM_OFFSET                 489
// IDS_VIDEODLG_OFFSET             490
// IDS_VIDEOMODEDLG_OFFSET         491
// IDS_VIDSELECTDLG_OFFSET         492
// IDS_UPDATERREGISTRYINSTALLDIR   493
// IDS_SPANISH                     494
// IDS_FRENCH                      495
// IDS_OPTS_JLOOKHELP              496
// IDS_OPTS_JLOOK                  497
// IDS_GERMAN                      498
// IDS_CONNECT_PROTOCOLBAD         499
// IDS_SERVER_MENU_QUICK           500
// IDS_DECAL_LIMIT                 501
// IDS_SPRITE_SKIP                 502
// IDS_MODEL_NAME                  503
// IDS_FILTER_BYGAME               504
// IDS_BTN_SETINFO                 505
// IDS_MODLIST_TYPE                506
// IDS_MODLIST_NAME                507
// IDS_MODLIST_VERSION             508
// IDS_MODLIST_SIZE                509
// IDS_MODLIST_RATING              510
// IDS_MODLIST_INSTALLED           511
// IDS_MODLIST_SERVERS             512
// IDS_MODLIST_PLAYERS             513
// IDS_MOD_DOWNLOADING             514
// IDS_MOD_DLSIZEMB                515
// IDS_MOD_DLSIZEKB                516
// IDS_MOD_DLSTATUS                517
// IDS_MOD_TIME                    518
// IDS_MOD_CONNECT                 519
// IDS_MOD_GETTINGSIZE             520
// IDS_MOD_DLSTATUSSHORT           521
// IDS_MOD_NOFILES                 522
// IDS_MOD_NOLIBLIST               523
// IDS_INTERNET_CURRENTTOTALS      524
// IDS_SERVER_REFRESH              525
// IDS_CONNECT_NEEDMOD             526
// IDS_MOD_REMOTEOPENFAIL          527
// IDS_MOD_LOCALOPENFAIL           528
// IDS_BTN_CUSTOMGAME              529
// IDS_MAIN_CUSTOMHELP             530
// IDS_BTN_ACTIVATE                531
// IDS_BTN_INSTALL                 532
// IDS_BTN_DETAILS                 533
// IDS_BTN_VISIT                   534
// IDS_BTN_REFRESHMODS             535
// IDS_BTN_DEACTIVATE              536
// IDS_MOD_INFO                    537
// IDS_YES                         538
// IDS_NO                          539
// IDS_UPDATE                      540
// IDS_MODREQ_TITLE                541
// IDS_DOWNLOAD_WARNING            542
// IDS_WARN_CHECKPROMPT            543
// IDS_MOD_VERSION                 544
// IDS_MOD_REINSTALL               545
// IDS_WARN_TITLE                  546
// IDS_MOD_ENGINEVERSION           547
// IDS_MOD_CONNVERSION             548
// IDS_CONNHLVERSION               549
// IDS_MOD_NOTINSTALLED            550
// IDS_REFRESH_SERVERS             552
// IDS_DEDICATED                   553
// IDS_MOD_MODVERSION              554
// IDS_CONN_FULL                   555
// IDS_MOD_UNZIP                   556
// IDS_FAVSVRS_CORRUPT             557

402 "www.firearmsmod.com"
400 "Find out more about Firearms."
530 "Traitors will be shot on sight."
188 "Resume the battle."
189 " "
190 " "
191 " "
192 " "
193 "Edit your configuration."
194 "View the release notes."
196 "Quit? Soldiers never quit."
198 "Go forth and kick ass."
235 "That's right... Run away like a coward."
236 "Where do you think you're going soldier?"
234 " "
338 "Could not validate Firearms"
340 "Duh... Try putting the CD in you fool!"
